
> antigravity1@1.0.0 build
> next build

Ôû▓ Next.js 16.1.6 (Turbopack)
- Environments: .env

  Creating an optimized production build ...
node.exe : Found 1 warning while optimizing generated CSS:
In riga:1 car:1
+ & "C:\Program Files\nodejs/node.exe" "C:\Program 
Files\nodejs/node_mo ...
+ ~~~~~~~~~~~~~~~~~~~~~~~~~~~~~~~~~~~~~~~~~~~~~~~~~~~~~~~~
~~~~~~~~~~~~~
    + CategoryInfo          : NotSpecified: (Found 1 warn 
   ing... generated CSS::String) [], RemoteException
    + FullyQualifiedErrorId : NativeCommandError
 

[2mÔöé   }[22m
[2mÔöé }[22m
[2mÔöé[22m @import url('https://fonts.googleapis.com/css
2?family=Cinzel:wght@400;600;700&family=Inter:wght@300;400
;500;600;700&display=swap');
[2mÔöå[22m        [33m[2m^--[22m @import rules must 
precede all rules aside from @charset and @layer 
statements[39m
[2mÔöå[22m
[2mÔöé :root {[22m
[2mÔöé   --bg-dark: #0a0b0e;[22m


> Build error occurred
Error: Turbopack build failed with 1 errors:
./src/app/api/auth/[...nextauth]/route.ts:1:1
Export handlers doesn't exist in target module
[0m[31m[1m>[22m[39m[90m 1 |[39m [36mimport[39m { 
handlers } [36mfrom[39m [32m"@/auth"[39m[33m;[39m
 [90m   |[39m [31m[1m^[22m[39m[31m[1m^[22m[39m[
31m[1m^[22m[39m[31m[1m^[22m[39m[31m[1m^[22m[39m
[31m[1m^[22m[39m[31m[1m^[22m[39m[31m[1m^[22m[3
9m[31m[1m^[22m[39m[31m[1m^[22m[39m[31m[1m^[22m
[39m[31m[1m^[22m[39m[31m[1m^[22m[39m[31m[1m^[22
m[39m[31m[1m^[22m[39m[31m[1m^[22m[39m[31m[1m^[
22m[39m[31m[1m^[22m[39m[31m[1m^[22m[39m[31m[1m^
[22m[39m[31m[1m^[22m[39m[31m[1m^[22m[39m[31m[1
m^[22m[39m[31m[1m^[22m[39m[31m[1m^[22m[39m[31m
[1m^[22m[39m[31m[1m^[22m[39m[31m[1m^[22m[39m[31
m[1m^[22m[39m[31m[1m^[22m[39m[31m[1m^[22m[39m[
31m[1m^[22m[39m[31m[1m^[22m[39m[31m[1m^[22m[39m
 [90m 2 |[39m [36mexport[39m [36mconst[39m { 
[33mGET[39m[33m,[39m [33mPOST[39m } [33m=[39m 
handlers[33m;[39m
 [90m 3 |[39m[0m

The export handlers was not found in module 
[project]/src/auth.ts [app-route] (ecmascript).
Did you mean to import signIn?
All exports of the module are statically known (It 
doesn't have dynamic exports). So it's known statically 
that the requested export doesn't exist.


    at <unknown> 
(./src/app/api/auth/[...nextauth]/route.ts:1:1)
